2026-02-15 17:48:13,972 - logger - CRITICAL - 2026-02-15 17:48:13.972419 Failed to retrieve categories: Mapper 'Mapper[CategoryModel(categories)]' has no property 'subcategories'.  If this property was indicated from other mappers or configure events, ensure registry.configure() has been called.
2026-02-15 18:05:03,767 - logger - CRITICAL - 2026-02-15 18:05:03.767344 Failed to retrieve categories: greenlet_spawn has not been called; can't call await_only() here. Was IO attempted in an unexpected place? (Background on this error at: https://sqlalche.me/e/20/xd2s)
2026-02-15 18:08:56,789 - logger - CRITICAL - 2026-02-15 18:08:56.788375 Conflict while saving category 'None': (sqlalchemy.dialects.postgresql.asyncpg.IntegrityError) <class 'asyncpg.exceptions.UniqueViolationError'>: повторяющееся значение ключа нарушает ограничение уникальности "ix_categories_name"
DETAIL:  Ключ "(name)=(Тест)" уже существует.
[SQL: INSERT INTO categories (name) VALUES ($1::VARCHAR) RETURNING categories.id, categories.created_at]
[parameters: ('Тест',)]
(Background on this error at: https://sqlalche.me/e/20/gkpj)
2026-02-15 18:46:01,565 - logger - CRITICAL - 2026-02-15 18:46:01.564811 Conflict while saving category: (sqlalchemy.dialects.postgresql.asyncpg.IntegrityError) <class 'asyncpg.exceptions.UniqueViolationError'>: повторяющееся значение ключа нарушает ограничение уникальности "ix_categories_name"
DETAIL:  Ключ "(name)=(тест)" уже существует.
[SQL: INSERT INTO categories (name) VALUES ($1::VARCHAR) RETURNING categories.id, categories.created_at]
[parameters: ('тест',)]
(Background on this error at: https://sqlalche.me/e/20/gkpj)
2026-02-15 18:49:14,314 - logger - CRITICAL - 2026-02-15 18:49:14.314056 Conflict while saving category: (sqlalchemy.dialects.postgresql.asyncpg.IntegrityError) <class 'asyncpg.exceptions.UniqueViolationError'>: повторяющееся значение ключа нарушает ограничение уникальности "ix_categories_name"
DETAIL:  Ключ "(name)=(тест)" уже существует.
[SQL: INSERT INTO categories (name) VALUES ($1::VARCHAR) RETURNING categories.id, categories.created_at]
[parameters: ('тест',)]
(Background on this error at: https://sqlalche.me/e/20/gkpj)
2026-02-15 18:59:11,124 - logger - CRITICAL - 2026-02-15 18:59:11.123123 Conflict while saving category: (sqlalchemy.dialects.postgresql.asyncpg.IntegrityError) <class 'asyncpg.exceptions.UniqueViolationError'>: повторяющееся значение ключа нарушает ограничение уникальности "ix_categories_name"
DETAIL:  Ключ "(name)=(тестd)" уже существует.
[SQL: UPDATE categories SET name=$1::VARCHAR WHERE categories.id = $2::INTEGER]
[parameters: ('тестd', 37)]
(Background on this error at: https://sqlalche.me/e/20/gkpj)
2026-02-15 19:02:09,425 - logger - CRITICAL - 2026-02-15 19:02:09.425651 Failed to delete category '33': (sqlalchemy.dialects.postgresql.asyncpg.ProgrammingError) <class 'asyncpg.exceptions.UndefinedFunctionError'>: оператор не существует: integer = character varying
HINT:  Оператор с данными именем и типами аргументов не найден. Возможно, вам следует добавить явные приведения типов.
[SQL: DELETE FROM categories WHERE categories.id = $1::VARCHAR]
[parameters: ('33',)]
(Background on this error at: https://sqlalche.me/e/20/f405)
2026-02-15 19:03:18,567 - logger - CRITICAL - 2026-02-15 19:03:18.567169 Failed to delete category '44': (sqlalchemy.dialects.postgresql.asyncpg.ProgrammingError) <class 'asyncpg.exceptions.UndefinedFunctionError'>: оператор не существует: integer = character varying
HINT:  Оператор с данными именем и типами аргументов не найден. Возможно, вам следует добавить явные приведения типов.
[SQL: SELECT categories.id, categories.name, categories.created_at 
FROM categories 
WHERE categories.id = $1::VARCHAR]
[parameters: ('44',)]
(Background on this error at: https://sqlalche.me/e/20/f405)
2026-02-15 19:17:07,317 - logger - CRITICAL - 2026-02-15 19:17:07.317523 Conflict while saving subcategory: (sqlalchemy.dialects.postgresql.asyncpg.IntegrityError) <class 'asyncpg.exceptions.UniqueViolationError'>: повторяющееся значение ключа нарушает ограничение уникальности "ix_subcategories_name"
DETAIL:  Ключ "(name)=(string)" уже существует.
[SQL: INSERT INTO subcategories (name, category_id) VALUES ($1::VARCHAR, $2::INTEGER) RETURNING subcategories.id, subcategories.created_at]
[parameters: ('string', None)]
(Background on this error at: https://sqlalche.me/e/20/gkpj)
2026-02-15 19:17:26,193 - logger - CRITICAL - 2026-02-15 19:17:26.192363 Conflict while saving subcategory: (sqlalchemy.dialects.postgresql.asyncpg.IntegrityError) <class 'asyncpg.exceptions.UniqueViolationError'>: повторяющееся значение ключа нарушает ограничение уникальности "ix_subcategories_name"
DETAIL:  Ключ "(name)=(string)" уже существует.
[SQL: INSERT INTO subcategories (name, category_id) VALUES ($1::VARCHAR, $2::INTEGER) RETURNING subcategories.id, subcategories.created_at]
[parameters: ('string', None)]
(Background on this error at: https://sqlalche.me/e/20/gkpj)
2026-02-15 19:20:25,553 - logger - CRITICAL - 2026-02-15 19:20:25.553212 Conflict while saving subcategory: (sqlalchemy.dialects.postgresql.asyncpg.IntegrityError) <class 'asyncpg.exceptions.UniqueViolationError'>: повторяющееся значение ключа нарушает ограничение уникальности "ix_subcategories_name"
DETAIL:  Ключ "(name)=(string)" уже существует.
[SQL: INSERT INTO subcategories (name, category_id) VALUES ($1::VARCHAR, $2::INTEGER) RETURNING subcategories.id, subcategories.created_at]
[parameters: ('string', 41)]
(Background on this error at: https://sqlalche.me/e/20/gkpj)
2026-02-15 19:21:00,544 - logger - CRITICAL - 2026-02-15 19:21:00.542992 Conflict while saving subcategory: (sqlalchemy.dialects.postgresql.asyncpg.IntegrityError) <class 'asyncpg.exceptions.UniqueViolationError'>: повторяющееся значение ключа нарушает ограничение уникальности "ix_subcategories_name"
DETAIL:  Ключ "(name)=(strinsg)" уже существует.
[SQL: INSERT INTO subcategories (name, category_id) VALUES ($1::VARCHAR, $2::INTEGER) RETURNING subcategories.id, subcategories.created_at]
[parameters: ('strinsg', 42)]
(Background on this error at: https://sqlalche.me/e/20/gkpj)
2026-02-15 19:21:04,643 - logger - CRITICAL - 2026-02-15 19:21:04.643513 Conflict while saving subcategory: (sqlalchemy.dialects.postgresql.asyncpg.IntegrityError) <class 'asyncpg.exceptions.ForeignKeyViolationError'>: INSERT или UPDATE в таблице "subcategories" нарушает ограничение внешнего ключа "subcategories_category_id_fkey"
DETAIL:  Ключ (category_id)=(42) отсутствует в таблице "categories".
[SQL: INSERT INTO subcategories (name, category_id) VALUES ($1::VARCHAR, $2::INTEGER) RETURNING subcategories.id, subcategories.created_at]
[parameters: ('strinsgd', 42)]
(Background on this error at: https://sqlalche.me/e/20/gkpj)
2026-02-15 19:21:14,437 - logger - CRITICAL - 2026-02-15 19:21:14.436272 Conflict while saving subcategory: (sqlalchemy.dialects.postgresql.asyncpg.IntegrityError) <class 'asyncpg.exceptions.ForeignKeyViolationError'>: INSERT или UPDATE в таблице "subcategories" нарушает ограничение внешнего ключа "subcategories_category_id_fkey"
DETAIL:  Ключ (category_id)=(42) отсутствует в таблице "categories".
[SQL: INSERT INTO subcategories (name, category_id) VALUES ($1::VARCHAR, $2::INTEGER) RETURNING subcategories.id, subcategories.created_at]
[parameters: ('strin', 42)]
(Background on this error at: https://sqlalche.me/e/20/gkpj)
2026-02-15 19:38:50,228 - logger - CRITICAL - 2026-02-15 19:38:50.228914 Conflict while saving category: (sqlalchemy.dialects.postgresql.asyncpg.IntegrityError) <class 'asyncpg.exceptions.UniqueViolationError'>: повторяющееся значение ключа нарушает ограничение уникальности "ix_categories_name"
DETAIL:  Ключ "(name)=(Технические жидкости)" уже существует.
[SQL: INSERT INTO categories (name) VALUES ($1::VARCHAR) RETURNING categories.id, categories.created_at]
[parameters: ('Технические жидкости',)]
(Background on this error at: https://sqlalche.me/e/20/gkpj)
2026-02-17 17:43:41,660 - logger - CRITICAL - 2026-02-17 17:43:41.660188 Failed to retrieve categories: (sqlalchemy.dialects.postgresql.asyncpg.ProgrammingError) <class 'asyncpg.exceptions.UndefinedColumnError'>: столбец categories.image_url не существует
[SQL: SELECT categories.id, categories.name, categories.image_url, categories.created_at 
FROM categories ORDER BY categories.name]
(Background on this error at: https://sqlalche.me/e/20/f405)
2026-02-17 17:43:46,748 - logger - CRITICAL - 2026-02-17 17:43:46.735149 Failed to retrieve categories: (sqlalchemy.dialects.postgresql.asyncpg.ProgrammingError) <class 'asyncpg.exceptions.UndefinedColumnError'>: столбец categories.image_url не существует
[SQL: SELECT categories.id, categories.name, categories.image_url, categories.created_at 
FROM categories ORDER BY categories.name]
(Background on this error at: https://sqlalche.me/e/20/f405)
2026-02-17 17:43:51,455 - logger - CRITICAL - 2026-02-17 17:43:51.454013 Failed to retrieve categories: (sqlalchemy.dialects.postgresql.asyncpg.ProgrammingError) <class 'asyncpg.exceptions.UndefinedColumnError'>: столбец categories.image_url не существует
[SQL: SELECT categories.id, categories.name, categories.image_url, categories.created_at 
FROM categories ORDER BY categories.name]
(Background on this error at: https://sqlalche.me/e/20/f405)
2026-02-17 17:44:05,959 - logger - CRITICAL - 2026-02-17 17:44:05.958341 Failed to retrieve categories: (sqlalchemy.dialects.postgresql.asyncpg.ProgrammingError) <class 'asyncpg.exceptions.UndefinedColumnError'>: столбец categories.image_url не существует
[SQL: SELECT categories.id, categories.name, categories.image_url, categories.created_at 
FROM categories ORDER BY categories.name]
(Background on this error at: https://sqlalche.me/e/20/f405)
2026-02-17 17:44:06,998 - logger - CRITICAL - 2026-02-17 17:44:06.998859 Failed to retrieve categories: (sqlalchemy.dialects.postgresql.asyncpg.ProgrammingError) <class 'asyncpg.exceptions.UndefinedColumnError'>: столбец categories.image_url не существует
[SQL: SELECT categories.id, categories.name, categories.image_url, categories.created_at 
FROM categories ORDER BY categories.name]
(Background on this error at: https://sqlalche.me/e/20/f405)
2026-02-17 17:44:09,021 - logger - CRITICAL - 2026-02-17 17:44:09.021187 Failed to retrieve categories: (sqlalchemy.dialects.postgresql.asyncpg.ProgrammingError) <class 'asyncpg.exceptions.UndefinedColumnError'>: столбец categories.image_url не существует
[SQL: SELECT categories.id, categories.name, categories.image_url, categories.created_at 
FROM categories ORDER BY categories.name]
(Background on this error at: https://sqlalche.me/e/20/f405)
2026-02-17 17:44:13,073 - logger - CRITICAL - 2026-02-17 17:44:13.072150 Failed to retrieve categories: (sqlalchemy.dialects.postgresql.asyncpg.ProgrammingError) <class 'asyncpg.exceptions.UndefinedColumnError'>: столбец categories.image_url не существует
[SQL: SELECT categories.id, categories.name, categories.image_url, categories.created_at 
FROM categories ORDER BY categories.name]
(Background on this error at: https://sqlalche.me/e/20/f405)
2026-02-17 17:45:13,244 - logger - CRITICAL - 2026-02-17 17:45:13.244850 Failed to retrieve categories: (sqlalchemy.dialects.postgresql.asyncpg.ProgrammingError) <class 'asyncpg.exceptions.UndefinedColumnError'>: столбец categories.image_url не существует
[SQL: SELECT categories.id, categories.name, categories.image_url, categories.created_at 
FROM categories ORDER BY categories.name]
(Background on this error at: https://sqlalche.me/e/20/f405)
2026-02-17 17:45:14,334 - logger - CRITICAL - 2026-02-17 17:45:14.334349 Failed to retrieve categories: (sqlalchemy.dialects.postgresql.asyncpg.ProgrammingError) <class 'asyncpg.exceptions.UndefinedColumnError'>: столбец categories.image_url не существует
[SQL: SELECT categories.id, categories.name, categories.image_url, categories.created_at 
FROM categories ORDER BY categories.name]
(Background on this error at: https://sqlalche.me/e/20/f405)
2026-02-17 17:45:16,479 - logger - CRITICAL - 2026-02-17 17:45:16.478193 Failed to retrieve categories: (sqlalchemy.dialects.postgresql.asyncpg.ProgrammingError) <class 'asyncpg.exceptions.UndefinedColumnError'>: столбец categories.image_url не существует
[SQL: SELECT categories.id, categories.name, categories.image_url, categories.created_at 
FROM categories ORDER BY categories.name]
(Background on this error at: https://sqlalche.me/e/20/f405)
2026-02-17 17:45:20,526 - logger - CRITICAL - 2026-02-17 17:45:20.525629 Failed to retrieve categories: (sqlalchemy.dialects.postgresql.asyncpg.ProgrammingError) <class 'asyncpg.exceptions.UndefinedColumnError'>: столбец categories.image_url не существует
[SQL: SELECT categories.id, categories.name, categories.image_url, categories.created_at 
FROM categories ORDER BY categories.name]
(Background on this error at: https://sqlalche.me/e/20/f405)
2026-02-17 17:45:20,808 - logger - CRITICAL - 2026-02-17 17:45:20.807272 Failed to retrieve categories: (sqlalchemy.dialects.postgresql.asyncpg.ProgrammingError) <class 'asyncpg.exceptions.UndefinedColumnError'>: столбец categories.image_url не существует
[SQL: SELECT categories.id, categories.name, categories.image_url, categories.created_at 
FROM categories ORDER BY categories.name]
(Background on this error at: https://sqlalche.me/e/20/f405)
2026-02-17 17:45:21,864 - logger - CRITICAL - 2026-02-17 17:45:21.863250 Failed to retrieve categories: (sqlalchemy.dialects.postgresql.asyncpg.ProgrammingError) <class 'asyncpg.exceptions.UndefinedColumnError'>: столбец categories.image_url не существует
[SQL: SELECT categories.id, categories.name, categories.image_url, categories.created_at 
FROM categories ORDER BY categories.name]
(Background on this error at: https://sqlalche.me/e/20/f405)
2026-02-17 17:45:23,902 - logger - CRITICAL - 2026-02-17 17:45:23.901469 Failed to retrieve categories: (sqlalchemy.dialects.postgresql.asyncpg.ProgrammingError) <class 'asyncpg.exceptions.UndefinedColumnError'>: столбец categories.image_url не существует
[SQL: SELECT categories.id, categories.name, categories.image_url, categories.created_at 
FROM categories ORDER BY categories.name]
(Background on this error at: https://sqlalche.me/e/20/f405)
2026-02-17 17:47:07,372 - logger - CRITICAL - 2026-02-17 17:47:07.372193 Failed to retrieve categories: (sqlalchemy.dialects.postgresql.asyncpg.ProgrammingError) <class 'asyncpg.exceptions.UndefinedColumnError'>: столбец categories.image_url не существует
[SQL: SELECT categories.id, categories.name, categories.image_url, categories.created_at 
FROM categories ORDER BY categories.name]
(Background on this error at: https://sqlalche.me/e/20/f405)
2026-02-17 17:48:22,276 - logger - CRITICAL - 2026-02-17 17:48:22.275018 Failed to retrieve categories: (sqlalchemy.dialects.postgresql.asyncpg.ProgrammingError) <class 'asyncpg.exceptions.UndefinedColumnError'>: столбец categories.image_url не существует
[SQL: SELECT categories.id, categories.name, categories.image_url, categories.created_at 
FROM categories ORDER BY categories.name]
(Background on this error at: https://sqlalche.me/e/20/f405)
2026-02-17 17:48:42,571 - logger - CRITICAL - 2026-02-17 17:48:42.571120 Failed to retrieve categories: (sqlalchemy.dialects.postgresql.asyncpg.ProgrammingError) <class 'asyncpg.exceptions.UndefinedColumnError'>: столбец categories.image_url не существует
[SQL: SELECT categories.id, categories.name, categories.image_url, categories.created_at 
FROM categories ORDER BY categories.name]
(Background on this error at: https://sqlalche.me/e/20/f405)
2026-02-17 18:09:01,061 - logger - CRITICAL - 2026-02-17 18:09:01.060586 Conflict while saving category: (sqlalchemy.dialects.postgresql.asyncpg.IntegrityError) <class 'asyncpg.exceptions.UniqueViolationError'>: повторяющееся значение ключа нарушает ограничение уникальности "ix_categories_name"
DETAIL:  Ключ "(name)=(Автохимия)" уже существует.
[SQL: UPDATE categories SET name=$1::VARCHAR WHERE categories.id = $2::INTEGER]
[parameters: ('Автохимия', 46)]
(Background on this error at: https://sqlalche.me/e/20/gkpj)
2026-02-26 17:18:05,245 - logger - CRITICAL - 2026-02-26 17:18:05.245062 Failed to create product: (sqlalchemy.dialects.postgresql.asyncpg.IntegrityError) <class 'asyncpg.exceptions.UniqueViolationError'>: повторяющееся значение ключа нарушает ограничение уникальности "ix_products_name"
DETAIL:  Ключ "(name)=(Тестовая1)" уже существует.
[SQL: INSERT INTO products (category_id, subcategory_id, article, name, image_url, description, compound, method_of_application, existence, price) VALUES ($1::INTEGER, $2::INTEGER, $3::VARCHAR, $4::VARCHAR, $5::VARCHAR, $6::VARCHAR, $7::VARCHAR, $8::VARCHAR, $9::BOOLEAN, $10::FLOAT) RETURNING products.id, products.created_at]
[parameters: (49, 56, '000003', 'Тестовая1', 'https://ccc87c66ef78-optovikavtokhim.s3.ru1.storage.beget.cloud/products/70b035b7bc6c43c89b95bf21ba4c92c3.webp', 'Тестовая Тестовая Тестовая Тестовая Тестовая Тестовая', 'Тестовая Тестовая Тестовая Тестовая Тестовая Тестовая Тестовая', 'Тестовая Тестовая Тестовая Тестовая Тестовая Тестовая Тестовая', True, 1900.0)]
(Background on this error at: https://sqlalche.me/e/20/gkpj)
2026-03-09 16:48:04,722 - logger - CRITICAL - 2026-03-09 16:48:04.721615 Failed to delete product: (sqlalchemy.dialects.postgresql.asyncpg.IntegrityError) <class 'asyncpg.exceptions.ForeignKeyViolationError'>: UPDATE или DELETE в таблице "products" нарушает ограничение внешнего ключа "cart_product_id_fkey" таблицы "cart"
DETAIL:  На ключ (id)=(17) всё ещё есть ссылки в таблице "cart".
[SQL: DELETE FROM products WHERE products.id = $1::INTEGER RETURNING products.id]
[parameters: (17,)]
(Background on this error at: https://sqlalche.me/e/20/gkpj)
2026-03-09 16:48:16,420 - logger - CRITICAL - 2026-03-09 16:48:16.420830 Failed to delete product: (sqlalchemy.dialects.postgresql.asyncpg.IntegrityError) <class 'asyncpg.exceptions.ForeignKeyViolationError'>: UPDATE или DELETE в таблице "products" нарушает ограничение внешнего ключа "cart_product_id_fkey" таблицы "cart"
DETAIL:  На ключ (id)=(17) всё ещё есть ссылки в таблице "cart".
[SQL: DELETE FROM products WHERE products.id = $1::INTEGER RETURNING products.id]
[parameters: (17,)]
(Background on this error at: https://sqlalche.me/e/20/gkpj)
